Exercise 67.c:9:6:init_exercise67	4	static
Exercise 67.c:10:6:clearAllClock	8	static
Exercise 67.c:24:6:led_pa4	8	static
Exercise 67.c:38:6:led_pa5	8	static
Exercise 67.c:52:6:led_pa6	8	static
Exercise 67.c:66:6:led_pa7	8	static
Exercise 67.c:80:6:led_pa8	8	static
Exercise 67.c:94:6:led_pa9	8	static
Exercise 67.c:108:6:led_pa10	8	static
Exercise 67.c:122:6:led_pa11	8	static
Exercise 67.c:136:6:led_pa12	8	static
Exercise 67.c:150:6:led_pa13	8	static
Exercise 67.c:164:6:led_pa14	8	static
Exercise 67.c:178:6:led_pa15	8	static
Exercise 67.c:192:6:run_exercise67	8	static
